// Jest Snapshot v1, https://goo.gl/fbAQLP

exports[`PresetButton 1`] = `
NodeList [
  <button
    class="ml"
  >
    FFA preset
  </button>,
]
`;
